[38;2;128;135;162m main                                                              lazydispatch [m
[38;2;198;160;246m┏━━━━━━━━━━━━━━━━━━━━━━━━━━━┓[m[38;2;91;96;120m╭─────────────────────────────────────────────────╮[m
[38;2;198;160;246m┃[m[1;38;2;198;160;246mWorkflows[m[38;2;128;135;162m  [m                [38;2;198;160;246m┃[m[38;2;91;96;120m│[m[1;38;2;139;213;202m[History 2][m [38;2;128;135;162m Chains [m [38;2;128;135;162m Live [m [38;2;128;135;162m Timeline [m [38;2;128;135;162m Runs [m    [38;2;91;96;120m│[m
[38;2;198;160;246m┃[m[38;2;128;135;162m  all workflows[m            [38;2;198;160;246m┃[m[38;2;91;96;120m│[m[1;38;2;91;96;120m    Name                   Branch        Time    [m[38;2;91;96;120m│[m
[38;2;198;160;246m┃[m[1;38;2;139;213;202m> Deploy[m                   [38;2;198;160;246m┃[m[38;2;91;96;120m│[m[1;38;2;139;213;202m> w deploy.yml             main          just now[m[38;2;91;96;120m│[m
[38;2;198;160;246m┃[m[38;2;202;211;245m  CI[m                       [38;2;198;160;246m┃[m[38;2;91;96;120m│[m[38;2;202;211;245m  w deploy.yml             develop       just now[m[38;2;91;96;120m│[m
[38;2;198;160;246m┃[m                           [38;2;198;160;246m┃[m[38;2;91;96;120m│[m                                                 [38;2;91;96;120m│[m
[38;2;198;160;246m┃[m                           [38;2;198;160;246m┃[m[38;2;91;96;120m│[m                                                 [38;2;91;96;120m│[m
[38;2;198;160;246m┃[m                           [38;2;198;160;246m┃[m[38;2;91;96;120m│[m                                                 [38;2;91;96;120m│[m
[38;2;198;160;246m┃[m                           [38;2;198;160;246m┃[m[38;2;91;96;120m│[m                                                 [38;2;91;96;120m│[m
[38;2;198;160;246m┃[m                           [38;2;198;160;246m┃[m[38;2;91;96;120m│[m                                                 [38;2;91;96;120m│[m
[38;2;198;160;246m┗━━━━━━━━━━━━━━━━━━━━━━━━━━━┛[m[38;2;91;96;120m╰─────────────────────────────────────────────────╯[m
[38;2;91;96;120m╭──────────────────────────────────────────────────────────────────────────────╮[m
[38;2;91;96;120m│[m[1;38;2;198;160;246mConfiguration[m                                                                 [38;2;91;96;120m│[m
[38;2;91;96;120m│[m                                                                              [38;2;91;96;120m│[m
[38;2;91;96;120m│[m[1;38;2;198;160;246mBranch[m: [b] main    Watch: [w] off    [r] reset all                           [38;2;91;96;120m│[m
[38;2;91;96;120m│[m                                                                              [38;2;91;96;120m│[m
[38;2;91;96;120m│[m[1;38;2;91;96;120m  #  Req  Name                       Value              Default         [m      [38;2;91;96;120m│[m
[38;2;91;96;120m│[m[38;2;147;154;183m  1       environment                staging            staging         [m      [38;2;91;96;120m│[m
[38;2;91;96;120m│[m                                                                              [38;2;91;96;120m│[m
[38;2;91;96;120m│[m[38;2;128;135;162mCommand ([c] copy):[m                                                           [38;2;91;96;120m│[m
[38;2;91;96;120m│[m[3;38;2;147;154;183mgh workflow run deploy.yml --ref main -f environment=staging[m                  [38;2;91;96;120m│[m
[38;2;91;96;120m╰──────────────────────────────────────────────────────────────────────────────╯[m
[38;2;128;135;162m [Tab] pane  [a] actions  [:] command  [j/k] select  [?] help  [q] quit[m         