                                        
                                        
                                        
                                        
       Terminal too small: 40x10        
             Minimum: 80x20             
                                        
                                        
                                        
                                        