                                                                                                                        
                                                                                                                        
                                                                                                                        
                                                                                                                        
                                                                                                                        
                                                                                                                        
                                                                                                                        
                                                                                                                        
                                                                                                                        
                                                                                                                        
                                                                                                                        
                                                                                                                        
                                                                                                                        
                                  [38;2;198;160;246m╔═════════════════════════════════════════════════╗[m                                   
                                  [38;2;198;160;246m║[m[48;2;30;32;48m                                                 [m[38;2;198;160;246m║[m                                   
                                  [38;2;198;160;246m║[m[48;2;30;32;48m   [m[48;2;30;32;48m[1;38;2;198;160;246mFilter Inputs[m                              [m[48;2;30;32;48m   [m[38;2;198;160;246m║[m                                   
                                  [38;2;198;160;246m║[m[48;2;30;32;48m   [m[48;2;30;32;48m                                           [m[48;2;30;32;48m   [m[38;2;198;160;246m║[m                                   
                                  [38;2;198;160;246m║[m[48;2;30;32;48m   [m[48;2;30;32;48m[37m/ [m[7;37mT[m[38;5;240mype to filter...[m[38;5;240m                        [m[m[48;2;30;32;48m   [m[38;2;198;160;246m║[m                                   
                                  [38;2;198;160;246m║[m[48;2;30;32;48m   [m[48;2;30;32;48m                                           [m[48;2;30;32;48m   [m[38;2;198;160;246m║[m                                   
                                  [38;2;198;160;246m║[m[48;2;30;32;48m   [m[48;2;30;32;48m[38;2;128;135;162mMatches: 1/1[m                               [m[48;2;30;32;48m   [m[38;2;198;160;246m║[m                                   
                                  [38;2;198;160;246m║[m[48;2;30;32;48m   [m[48;2;30;32;48m                                           [m[48;2;30;32;48m   [m[38;2;198;160;246m║[m                                   
                                  [38;2;198;160;246m║[m[48;2;30;32;48m   [m[48;2;30;32;48m[38;2;202;211;245m  environment[m                              [m[48;2;30;32;48m   [m[38;2;198;160;246m║[m                                   
                                  [38;2;198;160;246m║[m[48;2;30;32;48m   [m[48;2;30;32;48m                                           [m[48;2;30;32;48m   [m[38;2;198;160;246m║[m                                   
                                  [38;2;198;160;246m║[m[48;2;30;32;48m   [m[48;2;30;32;48m[38;2;128;135;162m[enter] apply  [esc] cancel[m                [m[48;2;30;32;48m   [m[38;2;198;160;246m║[m                                   
                                  [38;2;198;160;246m║[m[48;2;30;32;48m                                                 [m[38;2;198;160;246m║[m                                   
                                  [38;2;198;160;246m╚═════════════════════════════════════════════════╝[m                                   
                                                                                                                        
                                                                                                                        
                                                                                                                        
                                                                                                                        
                                                                                                                        
                                                                                                                        
                                                                                                                        
                                                                                                                        
                                                                                                                        
                                                                                                                        
                                                                                                                        
                                                                                                                        
                                                                                                                        
                                                                                                                        