                                                                                                                        
                                                                                                                        
                                                                                                                        
                                                                                                                        
                                                                                                                        
                                                                                                                        
                                                                                                                        
                                                                                                                        
                                                                                                                        
                                                                                                                        
                                                                                                                        
                                                                                                                        
                                  ╔═════════════════════════════════════════════════╗                                   
                                  ║                                                 ║                                   
                                  ║                                                 ║                                   
                                  ║   Filter Inputs                                 ║                                   
                                  ║                                                 ║                                   
                                  ║   [37m/ [m[7;37mT[m[38;5;240mype to filter...[m[38;5;240m                        [m   ║                                   
                                  ║                                                 ║                                   
                                  ║   Matches: 1/1                                  ║                                   
                                  ║                                                 ║                                   
                                  ║     environment                                 ║                                   
                                  ║                                                 ║                                   
                                  ║   [enter] apply  [esc] cancel                   ║                                   
                                  ║                                                 ║                                   
                                  ║                                                 ║                                   
                                  ╚═════════════════════════════════════════════════╝                                   
                                                                                                                        
                                                                                                                        
                                                                                                                        
                                                                                                                        
                                                                                                                        
                                                                                                                        
                                                                                                                        
                                                                                                                        
                                                                                                                        
                                                                                                                        
                                                                                                                        
                                                                                                                        
                                                                                                                        