                           ╔═══════════════════════════════════════════════════════════════╗                            
                           ║                                                               ║                            
                           ║                                                               ║                            
                           ║   Keyboard Shortcuts                                          ║                            
                           ║                                                               ║                            
                           ║   Two ways in                                                 ║                            
                           ║     a                  Actions for whatever has focus         ║                            
                           ║     :                  Command bar, Tab completes             ║                            
                           ║                                                               ║                            
                           ║     Every verb below is also in one of those, so neither      ║                            
                           ║     this list nor a key you half-remember is the only way.    ║                            
                           ║                                                               ║                            
                           ║   Navigation                                                  ║                            
                           ║     Tab / Shift+Tab    Switch between panes                   ║                            
                           ║     ↑/k, ↓/j           Navigate lists and select input        ║                            
                           ║     h/←, l/→           Previous / next tab (right pane)       ║                            
                           ║     Enter              Select / Execute / Edit selected       ║                            
                           ║     Esc                Deselect / Close modal                 ║                            
                           ║                                                               ║                            
                           ║   Workflows Pane                                              ║                            
                           ║     1-9                Select workflow by number              ║                            
                           ║     0                  Clear the workflow selection           ║                            
                           ║     Space              Jump to the config pane                ║                            
                           ║                                                               ║                            
                           ║   Config Pane                                                 ║                            
                           ║     1-9, 0             Edit input by number (1-10)            ║                            
                           ║     e                  Edit the selected input                ║                            
                           ║     b                  Select branch                          ║                            
                           ║     w                  Toggle watch mode                      ║                            
                           ║     /                  Start filtering inputs                 ║                            
                           ║     c                  Copy the gh command to the clipboard   ║                            
                           ║     r                  Reset all inputs to defaults           ║                            
                           ║                                                               ║                            
                           ║   Runs and Chains                                             ║                            
                           ║     C                  Run a chain                            ║                            
                           ║                                                               ║                            
                           ║   j/k scroll  ·  ? or Esc to close                            ║                            
                           ║                                                               ║                            
                           ║                                                               ║                            
                           ╚═══════════════════════════════════════════════════════════════╝                            