                           [38;2;198;160;246m╔═══════════════════════════════════════════════════════════════╗[m                            
                           [38;2;198;160;246m║[m[48;2;30;32;48m                                                               [m[38;2;198;160;246m║[m                            
                           [38;2;198;160;246m║[m[48;2;30;32;48m   [m[48;2;30;32;48m[1;38;2;198;160;246mKeyboard Shortcuts[m                                       [m[48;2;30;32;48m   [m[38;2;198;160;246m║[m                            
                           [38;2;198;160;246m║[m[48;2;30;32;48m   [m[48;2;30;32;48m                                                         [m[48;2;30;32;48m   [m[38;2;198;160;246m║[m                            
                           [38;2;198;160;246m║[m[48;2;30;32;48m   [m[48;2;30;32;48m[38;2;128;135;162mTwo ways in[m                                              [m[48;2;30;32;48m   [m[38;2;198;160;246m║[m                            
                           [38;2;198;160;246m║[m[48;2;30;32;48m   [m[48;2;30;32;48m  a                  Actions for whatever has focus      [m[48;2;30;32;48m   [m[38;2;198;160;246m║[m                            
                           [38;2;198;160;246m║[m[48;2;30;32;48m   [m[48;2;30;32;48m  :                  Command bar, Tab completes          [m[48;2;30;32;48m   [m[38;2;198;160;246m║[m                            
                           [38;2;198;160;246m║[m[48;2;30;32;48m   [m[48;2;30;32;48m                                                         [m[48;2;30;32;48m   [m[38;2;198;160;246m║[m                            
                           [38;2;198;160;246m║[m[48;2;30;32;48m   [m[48;2;30;32;48m  Every verb below is also in one of those, so neither   [m[48;2;30;32;48m   [m[38;2;198;160;246m║[m                            
                           [38;2;198;160;246m║[m[48;2;30;32;48m   [m[48;2;30;32;48m  this list nor a key you half-remember is the only way. [m[48;2;30;32;48m   [m[38;2;198;160;246m║[m                            
                           [38;2;198;160;246m║[m[48;2;30;32;48m   [m[48;2;30;32;48m                                                         [m[48;2;30;32;48m   [m[38;2;198;160;246m║[m                            
                           [38;2;198;160;246m║[m[48;2;30;32;48m   [m[48;2;30;32;48m[38;2;128;135;162mNavigation[m                                               [m[48;2;30;32;48m   [m[38;2;198;160;246m║[m                            
                           [38;2;198;160;246m║[m[48;2;30;32;48m   [m[48;2;30;32;48m  Tab / Shift+Tab    Switch between panes                [m[48;2;30;32;48m   [m[38;2;198;160;246m║[m                            
                           [38;2;198;160;246m║[m[48;2;30;32;48m   [m[48;2;30;32;48m  ↑/k, ↓/j           Navigate lists and select input     [m[48;2;30;32;48m   [m[38;2;198;160;246m║[m                            
                           [38;2;198;160;246m║[m[48;2;30;32;48m   [m[48;2;30;32;48m  h/←, l/→           Previous / next tab (right pane)    [m[48;2;30;32;48m   [m[38;2;198;160;246m║[m                            
                           [38;2;198;160;246m║[m[48;2;30;32;48m   [m[48;2;30;32;48m  Enter              Select / Execute / Edit selected    [m[48;2;30;32;48m   [m[38;2;198;160;246m║[m                            
                           [38;2;198;160;246m║[m[48;2;30;32;48m   [m[48;2;30;32;48m  Esc                Deselect / Close modal              [m[48;2;30;32;48m   [m[38;2;198;160;246m║[m                            
                           [38;2;198;160;246m║[m[48;2;30;32;48m   [m[48;2;30;32;48m                                                         [m[48;2;30;32;48m   [m[38;2;198;160;246m║[m                            
                           [38;2;198;160;246m║[m[48;2;30;32;48m   [m[48;2;30;32;48m[38;2;128;135;162mWorkflows Pane[m                                           [m[48;2;30;32;48m   [m[38;2;198;160;246m║[m                            
                           [38;2;198;160;246m║[m[48;2;30;32;48m   [m[48;2;30;32;48m  1-9                Select workflow by number           [m[48;2;30;32;48m   [m[38;2;198;160;246m║[m                            
                           [38;2;198;160;246m║[m[48;2;30;32;48m   [m[48;2;30;32;48m  0                  Clear the workflow selection        [m[48;2;30;32;48m   [m[38;2;198;160;246m║[m                            
                           [38;2;198;160;246m║[m[48;2;30;32;48m   [m[48;2;30;32;48m  Space              Jump to the config pane             [m[48;2;30;32;48m   [m[38;2;198;160;246m║[m                            
                           [38;2;198;160;246m║[m[48;2;30;32;48m   [m[48;2;30;32;48m                                                         [m[48;2;30;32;48m   [m[38;2;198;160;246m║[m                            
                           [38;2;198;160;246m║[m[48;2;30;32;48m   [m[48;2;30;32;48m[38;2;128;135;162mConfig Pane[m                                              [m[48;2;30;32;48m   [m[38;2;198;160;246m║[m                            
                           [38;2;198;160;246m║[m[48;2;30;32;48m   [m[48;2;30;32;48m  1-9, 0             Edit input by number (1-10)         [m[48;2;30;32;48m   [m[38;2;198;160;246m║[m                            
                           [38;2;198;160;246m║[m[48;2;30;32;48m   [m[48;2;30;32;48m  e                  Edit the selected input             [m[48;2;30;32;48m   [m[38;2;198;160;246m║[m                            
                           [38;2;198;160;246m║[m[48;2;30;32;48m   [m[48;2;30;32;48m  b                  Select branch                       [m[48;2;30;32;48m   [m[38;2;198;160;246m║[m                            
                           [38;2;198;160;246m║[m[48;2;30;32;48m   [m[48;2;30;32;48m  w                  Toggle watch mode                   [m[48;2;30;32;48m   [m[38;2;198;160;246m║[m                            
                           [38;2;198;160;246m║[m[48;2;30;32;48m   [m[48;2;30;32;48m  /                  Start filtering inputs              [m[48;2;30;32;48m   [m[38;2;198;160;246m║[m                            
                           [38;2;198;160;246m║[m[48;2;30;32;48m   [m[48;2;30;32;48m  c                  Copy the gh command to the clipboard[m[48;2;30;32;48m   [m[38;2;198;160;246m║[m                            
                           [38;2;198;160;246m║[m[48;2;30;32;48m   [m[48;2;30;32;48m  r                  Reset all inputs to defaults        [m[48;2;30;32;48m   [m[38;2;198;160;246m║[m                            
                           [38;2;198;160;246m║[m[48;2;30;32;48m   [m[48;2;30;32;48m                                                         [m[48;2;30;32;48m   [m[38;2;198;160;246m║[m                            
                           [38;2;198;160;246m║[m[48;2;30;32;48m   [m[48;2;30;32;48m[38;2;128;135;162mRuns and Chains[m                                          [m[48;2;30;32;48m   [m[38;2;198;160;246m║[m                            
                           [38;2;198;160;246m║[m[48;2;30;32;48m   [m[48;2;30;32;48m  C                  Run a chain                         [m[48;2;30;32;48m   [m[38;2;198;160;246m║[m                            
                           [38;2;198;160;246m║[m[48;2;30;32;48m   [m[48;2;30;32;48m  L                  Live run overview                   [m[48;2;30;32;48m   [m[38;2;198;160;246m║[m                            
                           [38;2;198;160;246m║[m[48;2;30;32;48m   [m[48;2;30;32;48m  v                  View logs for the selected entry    [m[48;2;30;32;48m   [m[38;2;198;160;246m║[m                            
                           [38;2;198;160;246m║[m[48;2;30;32;48m   [m[48;2;30;32;48m                                                         [m[48;2;30;32;48m   [m[38;2;198;160;246m║[m                            
                           [38;2;198;160;246m║[m[48;2;30;32;48m   [m[48;2;30;32;48m[38;2;128;135;162mj/k scroll  ·  ? or Esc to close[m                         [m[48;2;30;32;48m   [m[38;2;198;160;246m║[m                            
                           [38;2;198;160;246m║[m[48;2;30;32;48m                                                               [m[38;2;198;160;246m║[m                            
                           [38;2;198;160;246m╚═══════════════════════════════════════════════════════════════╝[m                            