                                                                                                                        
                                                                                                                        
                                                                                                                        
                                                                                                                        
                                                                                                                        
                                                                                                                        
                                                                                                                        
                                                                                                                        
                                                                                                                        
                                                                                                                        
                                                                                                                        
                                                                                                                        
                                                                                                                        
                                                                                                                        
                         ╔═══════════════════════════════════════════════════════════════════╗                          
                         ║                                                                   ║                          
                         ║                                                                   ║                          
                         ║   environment                                                     ║                          
                         ║                                                                   ║                          
                         ║     production                                                    ║                          
                         ║   > staging  (default)                                            ║                          
                         ║                                                                   ║                          
                         ║   [↑↓] navigate  [enter] select  [ctrl+r] default  [esc] cancel   ║                          
                         ║                                                                   ║                          
                         ║                                                                   ║                          
                         ╚═══════════════════════════════════════════════════════════════════╝                          
                                                                                                                        
                                                                                                                        
                                                                                                                        
                                                                                                                        
                                                                                                                        
                                                                                                                        
                                                                                                                        
                                                                                                                        
                                                                                                                        
                                                                                                                        
                                                                                                                        
                                                                                                                        
                                                                                                                        
                                                                                                                        