                                                                                                                        
                                                                                                                        
                                                                                                                        
                                                                                                                        
                                                                                                                        
                                                                                                                        
                                                                                                                        
                                                                                                                        
                                                                                                                        
                                                                                                                        
                                                                                                                        
                                                                                                                        
                                                                                                                        
                                                                                                                        
                                                                                                                        
                         [38;2;198;160;246m╔═══════════════════════════════════════════════════════════════════╗[m                          
                         [38;2;198;160;246m║[m[48;2;30;32;48m                                                                   [m[38;2;198;160;246m║[m                          
                         [38;2;198;160;246m║[m[48;2;30;32;48m   [m[48;2;30;32;48m[48;2;30;32;48m[1;38;2;198;160;246menvironment[m[48;2;30;32;48m                                                  [m[m[48;2;30;32;48m   [m[38;2;198;160;246m║[m                          
                         [38;2;198;160;246m║[m[48;2;30;32;48m   [m[48;2;30;32;48m[48;2;30;32;48m                                                             [m[m[48;2;30;32;48m   [m[38;2;198;160;246m║[m                          
                         [38;2;198;160;246m║[m[48;2;30;32;48m   [m[48;2;30;32;48m[48;2;30;32;48m[38;2;202;211;245m  production[m[48;2;30;32;48m                                                 [m[m[48;2;30;32;48m   [m[38;2;198;160;246m║[m                          
                         [38;2;198;160;246m║[m[48;2;30;32;48m   [m[48;2;30;32;48m[48;2;30;32;48m[1;38;2;139;213;202m> staging[m[48;2;30;32;48m[38;2;128;135;162m  (default)[m[48;2;30;32;48m                                         [m[m[48;2;30;32;48m   [m[38;2;198;160;246m║[m                          
                         [38;2;198;160;246m║[m[48;2;30;32;48m   [m[48;2;30;32;48m[48;2;30;32;48m                                                             [m[m[48;2;30;32;48m   [m[38;2;198;160;246m║[m                          
                         [38;2;198;160;246m║[m[48;2;30;32;48m   [m[48;2;30;32;48m[48;2;30;32;48m[38;2;128;135;162m[↑↓] navigate  [enter] select  [ctrl+r] default  [esc] cancel[m[48;2;30;32;48m[m[m[48;2;30;32;48m   [m[38;2;198;160;246m║[m                          
                         [38;2;198;160;246m║[m[48;2;30;32;48m                                                                   [m[38;2;198;160;246m║[m                          
                         [38;2;198;160;246m╚═══════════════════════════════════════════════════════════════════╝[m                          
                                                                                                                        
                                                                                                                        
                                                                                                                        
                                                                                                                        
                                                                                                                        
                                                                                                                        
                                                                                                                        
                                                                                                                        
                                                                                                                        
                                                                                                                        
                                                                                                                        
                                                                                                                        
                                                                                                                        
                                                                                                                        
                                                                                                                        