                                                                                                                        
                                                                                                                        
                                                                                                                        
                                                                                                                        
                                                                                                                        
                                                                                                                        
                                                                                                                        
                                                                                                                        
                                                                                                                        
                                                                                                                        
                                                                                                                        
                        [38;2;198;160;246m╔══════════════════════════════════════════════════════════════════════╗[m                        
                        [38;2;198;160;246m║[m[48;2;30;32;48m                                                                      [m[38;2;198;160;246m║[m                        
                        [38;2;198;160;246m║[m[48;2;30;32;48m                                                                      [m[38;2;198;160;246m║[m                        
                        [38;2;198;160;246m║[m[48;2;30;32;48m   [m[48;2;30;32;48m[1;38;2;198;160;246mConfirm Workflow Execution[m[m[48;2;30;32;48m   [m[48;2;30;32;48m                                      [m[38;2;198;160;246m║[m                        
                        [38;2;198;160;246m║[m[48;2;30;32;48m   [m[48;2;30;32;48m[m[48;2;30;32;48m   [m[48;2;30;32;48m                                                                [m[38;2;198;160;246m║[m                        
                        [38;2;198;160;246m║[m[48;2;30;32;48m   [m[48;2;30;32;48m[38;2;128;135;162mWorkflow Details:[m[m[48;2;30;32;48m   [m[48;2;30;32;48m                                               [m[38;2;198;160;246m║[m                        
                        [38;2;198;160;246m║[m[48;2;30;32;48m   [m[48;2;30;32;48m[m[48;2;30;32;48m   [m[48;2;30;32;48m                                                                [m[38;2;198;160;246m║[m                        
                        [38;2;198;160;246m║[m[48;2;30;32;48m   [m[48;2;30;32;48m[38;2;202;211;245m  Workflow: [m[38;2;147;154;183mdeploy.yml[m[m[48;2;30;32;48m   [m[48;2;30;32;48m                                          [m[38;2;198;160;246m║[m                        
                        [38;2;198;160;246m║[m[48;2;30;32;48m   [m[48;2;30;32;48m[38;2;202;211;245m  Branch:   [m[38;2;147;154;183mmain[m[m[48;2;30;32;48m   [m[48;2;30;32;48m                                                [m[38;2;198;160;246m║[m                        
                        [38;2;198;160;246m║[m[48;2;30;32;48m   [m[48;2;30;32;48m[38;2;202;211;245m  Inputs:   [m[38;2;147;154;183m1 value(s) provided[m[m[48;2;30;32;48m   [m[48;2;30;32;48m                                 [m[38;2;198;160;246m║[m                        
                        [38;2;198;160;246m║[m[48;2;30;32;48m   [m[48;2;30;32;48m[m[48;2;30;32;48m   [m[48;2;30;32;48m                                                                [m[38;2;198;160;246m║[m                        
                        [38;2;198;160;246m║[m[48;2;30;32;48m   [m[48;2;30;32;48m[38;2;128;135;162mCommand:[m[m[48;2;30;32;48m   [m[48;2;30;32;48m                                                        [m[38;2;198;160;246m║[m                        
                        [38;2;198;160;246m║[m[48;2;30;32;48m   [m[48;2;30;32;48m[38;2;147;154;183m  gh workflow run deploy.yml --ref main -f "environment=staging"[m[m[48;2;30;32;48m   [m[38;2;198;160;246m║[m                        
                        [38;2;198;160;246m║[m[48;2;30;32;48m   [m[48;2;30;32;48m[m[48;2;30;32;48m   [m[48;2;30;32;48m                                                                [m[38;2;198;160;246m║[m                        
                        [38;2;198;160;246m║[m[48;2;30;32;48m   [m[48;2;30;32;48m[38;2;128;135;162m[enter/y] confirm  [esc/n] cancel[m[m[48;2;30;32;48m   [m[48;2;30;32;48m                               [m[38;2;198;160;246m║[m                        
                        [38;2;198;160;246m║[m[48;2;30;32;48m                                                                      [m[38;2;198;160;246m║[m                        
                        [38;2;198;160;246m║[m[48;2;30;32;48m                                                                      [m[38;2;198;160;246m║[m                        
                        [38;2;198;160;246m╚══════════════════════════════════════════════════════════════════════╝[m                        
                                                                                                                        
                                                                                                                        
                                                                                                                        
                                                                                                                        
                                                                                                                        
                                                                                                                        
                                                                                                                        
                                                                                                                        
                                                                                                                        
                                                                                                                        
                                                                                                                        